// Jest Snapshot v1, https://goo.gl/fbAQLP

exports[`create login snapshot 1`] = `
<div
  className="container"
>
  <div
    className="mt-5 justify-content-md-center row"
  >
    <div
      className="col-md-6"
    >
      <h1>
        Login
      </h1>
      <form
        className=""
        noValidate={true}
        onSubmit={[Function]}
      >
        <div
          className="mb-3"
        >
          <label
            className="form-label"
            htmlFor="formBasicEmail"
          >
            Email address
          </label>
          <input
            className="form-control"
            id="formBasicEmail"
            name="email"
            placeholder="Enter email"
            required={true}
            type="email"
          />
        </div>
        <div
          className="mb-3"
        >
          <label
            className="form-label"
            htmlFor="formBasicPassword"
          >
            Password
          </label>
          <input
            className="form-control"
            id="formBasicPassword"
            name="password"
            placeholder="Password"
            required={true}
            type="password"
          />
        </div>
        <div
          className="mb-3"
        >
          <div
            className="form-check"
          >
            <input
              className="form-check-input"
              disabled={false}
              id="formBasicCheckbox"
              name="doNotLogout"
              type="checkbox"
            />
            <label
              className="form-check-label"
              htmlFor="formBasicCheckbox"
              title=""
            >
              Do not logout
            </label>
          </div>
        </div>
        <div
          className="pb-2 row"
        >
          <div
            className="col"
          >
            Don't you have an account?
            <a
              href="/register"
              onClick={[Function]}
            >
               Register 
            </a>
          </div>
        </div>
        <button
          className="btn btn-primary"
          disabled={false}
          type="submit"
        >
          
          Login
        </button>
      </form>
    </div>
  </div>
</div>
`;
